#-----------------------------------------------------------
# Vivado v2023.2 (64-bit)
# SW Build 4029153 on Fri Oct 13 20:14:34 MDT 2023
# IP Build 4028589 on Sat Oct 14 00:45:43 MDT 2023
# SharedData Build 4025554 on Tue Oct 10 17:18:54 MDT 2023
# Start of session at: Wed Feb 14 03:24:47 2024
# Process ID: 15684
# Current directory: D:/Imperial/Year4/MasterThesis/FYP_Bayesian_Optimisation/object_functions/NutShell_Prj/NutShell_Prj.runs/synth_1
# Command line: vivado.exe -log NutShell.vds -product Vivado -mode batch -messageDb vivado.pb -notrace -source NutShell.tcl
# Log file: D:/Imperial/Year4/MasterThesis/FYP_Bayesian_Optimisation/object_functions/NutShell_Prj/NutShell_Prj.runs/synth_1/NutShell.vds
# Journal file: D:/Imperial/Year4/MasterThesis/FYP_Bayesian_Optimisation/object_functions/NutShell_Prj/NutShell_Prj.runs/synth_1\vivado.jou
# Running On: GeorgeWu_ROG, OS: Windows, CPU Frequency: 2419 MHz, CPU Physical cores: 24, Host memory: 25369 MB
#-----------------------------------------------------------
source NutShell.tcl -notrace
